******************************************************************************
                  TI ARM Linker PC v18.12.1                    
******************************************************************************
>> Linked Tue Oct 15 19:46:09 2019

OUTPUT FILE NAME:   <Tire_ECU.out>
ENTRY POINT SYMBOL: "_c_int00_noargs"  address: 00000bfd


MEMORY CONFIGURATION

         name            origin    length      used     unused   attr    fill
----------------------  --------  ---------  --------  --------  ----  --------
  FLASH                 00000000   00040000  00000e8a  0003f176  R  X
  SRAM                  20000000   00008000  0000024b  00007db5  RW X


SEGMENT ALLOCATION MAP

run origin  load origin   length   init length attrs members
----------  ----------- ---------- ----------- ----- -------
00000000    00000000    00000e90   00000e90    r-x
  00000000    00000000    0000026c   0000026c    r-- .intvecs
  0000026c    0000026c    00000aaa   00000aaa    r-x .text
  00000d18    00000d18    0000011c   0000011c    r-- .const
  00000e38    00000e38    00000058   00000058    r-- .cinit
20000000    20000000    0000024d   00000000    rw-
  20000000    20000000    00000200   00000000    rw- .stack
  20000200    20000200    00000046   00000000    rw- .data
  20000248    20000248    00000005   00000000    rw- .bss


SECTION ALLOCATION MAP

 output                                  attributes/
section   page    origin      length       input sections
--------  ----  ----------  ----------   ----------------
.intvecs   0    00000000    0000026c     
                  00000000    0000026c     tm4c123gh6pm_startup_ccs.obj (.intvecs)

.text      0    0000026c    00000aaa     
                  0000026c    000001a8     Tire_ECU.obj (.text)
                  00000414    00000136     driverlib.lib : can.obj (.text:CANMessageSet)
                  0000054a    00000132                   : gpio.obj (.text:GPIOPadConfigSet)
                  0000067c    00000110                   : sysctl.obj (.text:SysCtlClockGet)
                  0000078c    0000010e                   : can.obj (.text:CANMessageGet)
                  0000089a    0000009c     rtsv7M4_T_le_v4SPD16_eabi.lib : memcpy_t2.asm.obj (.text)
                  00000936    00000002     --HOLE-- [fill = 0]
                  00000938    0000007c     main.obj (.text)
                  000009b4    0000006c     driverlib.lib : can.obj (.text:CANBitRateSet)
                  00000a20    00000068     rtsv7M4_T_le_v4SPD16_eabi.lib : copy_decompress_lzss.c.obj (.text:decompress:lzss:__TI_decompress_lzss)
                  00000a88    00000048     driverlib.lib : gpio.obj (.text:GPIOPinConfigure)
                  00000ad0    00000044     rtsv7M4_T_le_v4SPD16_eabi.lib : autoinit.c.obj (.text:__TI_auto_init_nobinit_nopinit:__TI_auto_init_nobinit_nopinit)
                  00000b14    00000040     driverlib.lib : can.obj (.text:CANStatusGet)
                  00000b54    0000003a                   : can.obj (.text:CANInit)
                  00000b8e    00000002     --HOLE-- [fill = 0]
                  00000b90    00000038                   : sysctl.obj (.text:SysCtlPeripheralReady)
                  00000bc8    00000034                   : sysctl.obj (.text:SysCtlPeripheralEnable)
                  00000bfc    00000034     rtsv7M4_T_le_v4SPD16_eabi.lib : boot_cortex_m.c.obj (.text:_c_int00_noargs:_c_int00_noargs)
                  00000c30    0000002a     driverlib.lib : gpio.obj (.text:GPIODirModeSet)
                  00000c5a    0000002a                   : can.obj (.text:_CANDataRegRead)
                  00000c84    00000024                   : can.obj (.text:_CANDataRegWrite)
                  00000ca8    00000018                   : can.obj (.text:CANMessageClear)
                  00000cc0    00000012                   : gpio.obj (.text:GPIOPinTypeCAN)
                  00000cd2    00000012     rtsv7M4_T_le_v4SPD16_eabi.lib : copy_zero_init.c.obj (.text:decompress:ZI:__TI_zero_init_nomemset:__TI_zero_init_nomemset)
                  00000ce4    0000000e                                   : copy_decompress_none.c.obj (.text:decompress:none:__TI_decompress_none)
                  00000cf2    0000000c     tm4c123gh6pm_startup_ccs.obj (.text)
                  00000cfe    0000000a     driverlib.lib : can.obj (.text:CANEnable)
                  00000d08    00000006                   : sysctl.obj (.text:SysCtlDelay)
                  00000d0e    00000004     rtsv7M4_T_le_v4SPD16_eabi.lib : pre_init.c.obj (.text:_system_pre_init)
                  00000d12    00000004                                   : exit.c.obj (.text:abort:abort)

.const     0    00000d18    0000011c     
                  00000d18    00000090     driverlib.lib : gpio.obj (.const:g_pui32GPIOBaseAddrs)
                  00000da8    0000006c                   : sysctl.obj (.const:g_pui32Xtals)
                  00000e14    00000020                   : can.obj (.const)

.cinit     0    00000e38    00000058     
                  00000e38    00000032     (.cinit..data.load) [load image, compression = lzss]
                  00000e6a    00000002     --HOLE-- [fill = 0]
                  00000e6c    0000000c     (__TI_handler_table)
                  00000e78    00000008     (.cinit..bss.load) [load image, compression = zero_init]
                  00000e80    00000010     (__TI_cinit_table)

.init_array 
*          0    00000000    00000000     UNINITIALIZED

.data      0    20000200    00000046     UNINITIALIZED
                  20000200    00000014     Tire_ECU.obj (.data:RX_DIAGNOSTIC_ObjType)
                  20000214    00000014     Tire_ECU.obj (.data:TX_Fault_OjbectType)
                  20000228    00000014     Tire_ECU.obj (.data:TX_TiresPresure_OjectTypes)
                  2000023c    00000004     Tire_ECU.obj (.data:RX_DIAGNOSTIC_MailBox_Msg_Data)
                  20000240    00000004     Tire_ECU.obj (.data:TiresPresureValPar)
                  20000244    00000001     Tire_ECU.obj (.data:Fault_Info)
                  20000245    00000001     Tire_ECU.obj (.data)

.bss       0    20000248    00000005     UNINITIALIZED
                  20000248    00000005     main.obj (.bss)

.stack     0    20000000    00000200     UNINITIALIZED
                  20000000    00000004     rtsv7M4_T_le_v4SPD16_eabi.lib : boot_cortex_m.c.obj (.stack)
                  20000004    000001fc     --HOLE--

MODULE SUMMARY

       Module                         code   ro data   rw data
       ------                         ----   -------   -------
    .\
       tm4c123gh6pm_startup_ccs.obj   12     620       0      
       Tire_ECU.obj                   424    0         70     
       main.obj                       124    0         5      
    +--+------------------------------+------+---------+---------+
       Total:                         560    620       75     
                                                              
    C:/ti/TivaWare_C_Series-2.1.4.178/driverlib/ccs/Debug/driverlib.lib
       can.obj                        922    32        0      
       gpio.obj                       438    144       0      
       sysctl.obj                     386    108       0      
    +--+------------------------------+------+---------+---------+
       Total:                         1746   284       0      
                                                              
    C:\ti\ccs901\ccs\tools\compiler\ti-cgt-arm_18.12.1.LTS\lib\rtsv7M4_T_le_v4SPD16_eabi.lib
       memcpy_t2.asm.obj              156    0         0      
       copy_decompress_lzss.c.obj     104    0         0      
       autoinit.c.obj                 68     0         0      
       boot_cortex_m.c.obj            52     0         0      
       copy_zero_init.c.obj           18     0         0      
       copy_decompress_none.c.obj     14     0         0      
       exit.c.obj                     4      0         0      
       pre_init.c.obj                 4      0         0      
    +--+------------------------------+------+---------+---------+
       Total:                         420    0         0      
                                                              
       Stack:                         0      0         512    
       Linker Generated:              0      86        0      
    +--+------------------------------+------+---------+---------+
       Grand Total:                   2726   990       587    


LINKER GENERATED COPY TABLES

__TI_cinit_table @ 00000e80 records: 2, size/record: 8, table size: 16
	.data: load addr=00000e38, load size=00000032 bytes, run addr=20000200, run size=00000046 bytes, compression=lzss
	.bss: load addr=00000e78, load size=00000008 bytes, run addr=20000248, run size=00000005 bytes, compression=zero_init


LINKER GENERATED HANDLER TABLE

__TI_handler_table @ 00000e6c records: 3, size/record: 4, table size: 12
	index: 0, handler: __TI_decompress_lzss
	index: 1, handler: __TI_decompress_none
	index: 2, handler: __TI_zero_init


GLOBAL SYMBOLS: SORTED ALPHABETICALLY BY Name 

address   name                          
-------   ----                          
00000d13  C$$EXIT                       
000009b5  CANBitRateSet                 
00000cff  CANEnable                     
00000b55  CANInit                       
00000ca9  CANMessageClear               
0000078d  CANMessageGet                 
00000415  CANMessageSet                 
00000b15  CANStatusGet                  
00000387  CheckTireStatus               
20000244  Fault_Info                    
00000c31  GPIODirModeSet                
0000054b  GPIOPadConfigSet              
00000a89  GPIOPinConfigure              
00000cc1  GPIOPinTypeCAN                
2000023c  RX_DIAGNOSTIC_MailBox_Msg_Data
00000cf3  ResetISR                      
00000373  Set_TireDefaultFaultPressure  
0000033b  Set_TireDefaultPressure       
0000067d  SysCtlClockGet                
00000d09  SysCtlDelay                   
00000bc9  SysCtlPeripheralEnable        
00000b91  SysCtlPeripheralReady         
0000026d  Tire_ECU_Init                 
0000031b  Tire_ECU_ReadMailBox          
0000030b  Tire_ECU_WriteFaultMailBox    
000002fb  Tire_ECU_WriteMailBox         
20000240  TiresPresureValPar            
20000200  __STACK_END                   
00000200  __STACK_SIZE                  
20000200  __STACK_TOP                   
00000e80  __TI_CINIT_Base               
00000e90  __TI_CINIT_Limit              
00000e6c  __TI_Handler_Table_Base       
00000e78  __TI_Handler_Table_Limit      
00000ad1  __TI_auto_init_nobinit_nopinit
00000a21  __TI_decompress_lzss          
00000ce5  __TI_decompress_none          
ffffffff  __TI_pprof_out_hndl           
ffffffff  __TI_prof_data_size           
ffffffff  __TI_prof_data_start          
00000000  __TI_static_base__            
00000cd3  __TI_zero_init_nomemset       
0000089b  __aeabi_memcpy                
0000089b  __aeabi_memcpy4               
0000089b  __aeabi_memcpy8               
ffffffff  __binit__                     
ffffffff  __c_args__                    
UNDEFED   __mpu_init                    
20000000  __stack                       
00000bfd  _c_int00_noargs               
UNDEFED   _system_post_cinit            
00000d0f  _system_pre_init              
00000d13  abort                         
ffffffff  binit                         
00000000  g_pfnVectors                  
00000939  main                          
0000089b  memcpy                        


GLOBAL SYMBOLS: SORTED BY Symbol Address 

address   name                          
-------   ----                          
00000000  __TI_static_base__            
00000000  g_pfnVectors                  
00000200  __STACK_SIZE                  
0000026d  Tire_ECU_Init                 
000002fb  Tire_ECU_WriteMailBox         
0000030b  Tire_ECU_WriteFaultMailBox    
0000031b  Tire_ECU_ReadMailBox          
0000033b  Set_TireDefaultPressure       
00000373  Set_TireDefaultFaultPressure  
00000387  CheckTireStatus               
00000415  CANMessageSet                 
0000054b  GPIOPadConfigSet              
0000067d  SysCtlClockGet                
0000078d  CANMessageGet                 
0000089b  __aeabi_memcpy                
0000089b  __aeabi_memcpy4               
0000089b  __aeabi_memcpy8               
0000089b  memcpy                        
00000939  main                          
000009b5  CANBitRateSet                 
00000a21  __TI_decompress_lzss          
00000a89  GPIOPinConfigure              
00000ad1  __TI_auto_init_nobinit_nopinit
00000b15  CANStatusGet                  
00000b55  CANInit                       
00000b91  SysCtlPeripheralReady         
00000bc9  SysCtlPeripheralEnable        
00000bfd  _c_int00_noargs               
00000c31  GPIODirModeSet                
00000ca9  CANMessageClear               
00000cc1  GPIOPinTypeCAN                
00000cd3  __TI_zero_init_nomemset       
00000ce5  __TI_decompress_none          
00000cf3  ResetISR                      
00000cff  CANEnable                     
00000d09  SysCtlDelay                   
00000d0f  _system_pre_init              
00000d13  C$$EXIT                       
00000d13  abort                         
00000e6c  __TI_Handler_Table_Base       
00000e78  __TI_Handler_Table_Limit      
00000e80  __TI_CINIT_Base               
00000e90  __TI_CINIT_Limit              
20000000  __stack                       
20000200  __STACK_END                   
20000200  __STACK_TOP                   
2000023c  RX_DIAGNOSTIC_MailBox_Msg_Data
20000240  TiresPresureValPar            
20000244  Fault_Info                    
ffffffff  __TI_pprof_out_hndl           
ffffffff  __TI_prof_data_size           
ffffffff  __TI_prof_data_start          
ffffffff  __binit__                     
ffffffff  __c_args__                    
ffffffff  binit                         
UNDEFED   __mpu_init                    
UNDEFED   _system_post_cinit            

[57 symbols]
